# E2 sweep, D=4000, 4 constructions x Q in {4,8,16,32} x seeds {42,7,1337} = 48 cells.
# Grid registered in docs/EXPECTATIONS.md E2. One line per finished cell,
# appended by experiments/run_sweep.py. The JSON records next to this file
# are authoritative; this log exists so the state after a crash is readable
# without parsing 48 files.
#
# Cells 1 and 2 (progressive/Q=4, seeds 42 and 7) were produced by the first
# attempt at commit c7e0c61 and were rescued from the scratch directory after
# a container restart killed that run. They therefore carry a different
# commit hash than the rest. The change between c7e0c61 and the resumed
# sweep is bookkeeping only — resume, per-cell commit, progress log;
# run_cell() and every encoder, loader and model path is untouched.
#
# Missing line numbers are cells still to run, not cells that failed: a
# failed cell aborts the sweep, it is never skipped silently.
[ 1/48] 2026-08-16T20:42:19+00:00 progressive          Q=4   seed=42    acc=0.7849 macro_f1=0.7820 110s peak_rss=809MB
[ 2/48] 2026-08-16T20:44:03+00:00 progressive          Q=4   seed=7     acc=0.7830 macro_f1=0.7795 105s peak_rss=817MB
[ 3/48] 2026-08-16T21:35:57+00:00 progressive          Q=4   seed=1337  acc=0.7718 macro_f1=0.7679 169s peak_rss=809MB
[ 4/48] 2026-08-16T21:38:49+00:00 progressive          Q=8   seed=42    acc=0.7818 macro_f1=0.7790 170s peak_rss=816MB
[ 5/48] 2026-08-16T21:41:41+00:00 progressive          Q=8   seed=7     acc=0.7778 macro_f1=0.7741 171s peak_rss=824MB
[ 6/48] 2026-08-16T21:44:31+00:00 progressive          Q=8   seed=1337  acc=0.7666 macro_f1=0.7628 168s peak_rss=824MB
[ 7/48] 2026-08-16T21:47:20+00:00 progressive          Q=16  seed=42    acc=0.7857 macro_f1=0.7829 167s peak_rss=824MB
[ 8/48] 2026-08-16T22:28:24+00:00 progressive          Q=16  seed=7     acc=0.7831 macro_f1=0.7798 186s peak_rss=809MB
[ 9/48] 2026-08-16T22:31:22+00:00 progressive          Q=16  seed=1337  acc=0.7666 macro_f1=0.7626 176s peak_rss=816MB
[10/48] 2026-08-16T22:34:18+00:00 progressive          Q=32  seed=42    acc=0.7848 macro_f1=0.7820 175s peak_rss=827MB
[11/48] 2026-08-16T22:37:07+00:00 progressive          Q=32  seed=7     acc=0.7852 macro_f1=0.7816 167s peak_rss=833MB
[12/48] 2026-08-16T22:40:00+00:00 progressive          Q=32  seed=1337  acc=0.7701 macro_f1=0.7658 172s peak_rss=833MB
[13/48] 2026-08-16T22:43:00+00:00 linear_thermometer   Q=4   seed=42    acc=0.7997 macro_f1=0.7971 178s peak_rss=833MB
[14/48] 2026-08-16T22:45:58+00:00 linear_thermometer   Q=4   seed=7     acc=0.7942 macro_f1=0.7910 176s peak_rss=833MB
[15/48] 2026-08-16T22:48:57+00:00 linear_thermometer   Q=4   seed=1337  acc=0.7867 macro_f1=0.7833 177s peak_rss=833MB
[16/48] 2026-08-16T22:51:43+00:00 linear_thermometer   Q=8   seed=42    acc=0.7997 macro_f1=0.7971 165s peak_rss=833MB
[17/48] 2026-08-16T22:54:32+00:00 linear_thermometer   Q=8   seed=7     acc=0.8004 macro_f1=0.7976 167s peak_rss=833MB
[18/48] 2026-08-16T22:57:38+00:00 linear_thermometer   Q=8   seed=1337  acc=0.7890 macro_f1=0.7858 184s peak_rss=833MB
[19/48] 2026-08-16T23:00:42+00:00 linear_thermometer   Q=16  seed=42    acc=0.7974 macro_f1=0.7949 183s peak_rss=833MB
[20/48] 2026-08-16T23:03:29+00:00 linear_thermometer   Q=16  seed=7     acc=0.8007 macro_f1=0.7978 165s peak_rss=833MB
[21/48] 2026-08-16T23:06:14+00:00 linear_thermometer   Q=16  seed=1337  acc=0.7890 macro_f1=0.7860 163s peak_rss=833MB
[22/48] 2026-08-16T23:09:08+00:00 linear_thermometer   Q=32  seed=42    acc=0.8006 macro_f1=0.7983 172s peak_rss=833MB
[23/48] 2026-08-16T23:12:07+00:00 linear_thermometer   Q=32  seed=7     acc=0.8047 macro_f1=0.8017 178s peak_rss=833MB
[24/48] 2026-08-16T23:14:59+00:00 linear_thermometer   Q=32  seed=1337  acc=0.7929 macro_f1=0.7899 170s peak_rss=833MB
[25/48] 2026-08-16T23:17:50+00:00 random_levels        Q=4   seed=42    acc=0.7813 macro_f1=0.7777 170s peak_rss=833MB
[26/48] 2026-08-16T23:20:40+00:00 random_levels        Q=4   seed=7     acc=0.7890 macro_f1=0.7856 168s peak_rss=833MB
[27/48] 2026-08-16T23:23:37+00:00 random_levels        Q=4   seed=1337  acc=0.7797 macro_f1=0.7760 175s peak_rss=833MB
[28/48] 2026-08-16T23:26:32+00:00 random_levels        Q=8   seed=42    acc=0.7815 macro_f1=0.7781 174s peak_rss=833MB
[29/48] 2026-08-16T23:29:26+00:00 random_levels        Q=8   seed=7     acc=0.7858 macro_f1=0.7820 173s peak_rss=833MB
[30/48] 2026-08-16T23:32:19+00:00 random_levels        Q=8   seed=1337  acc=0.7709 macro_f1=0.7673 171s peak_rss=833MB
[31/48] 2026-08-16T23:35:19+00:00 random_levels        Q=16  seed=42    acc=0.7925 macro_f1=0.7890 179s peak_rss=833MB
[32/48] 2026-08-16T23:38:15+00:00 random_levels        Q=16  seed=7     acc=0.7818 macro_f1=0.7783 175s peak_rss=833MB
